============================= test session starts =============================
platform win32 -- Python 3.11.9, pytest-9.0.2, pluggy-1.6.0
rootdir: D:\Personal Projects\Sakura V10\backend
configfile: pyproject.toml
plugins: anyio-4.12.0, langsmith-0.6.0, asyncio-1.3.0, cov-7.0.0
asyncio: mode=Mode.STRICT, debug=False, asyncio_default_fixture_loop_scope=None, asyncio_default_test_loop_scope=function
collected 10 items

tests\test_deterministic_routing.py .........F                           [100%]

================================== FAILURES ===================================
________ TestGetSmartContextShim.test_get_smart_context_compatibility _________
tests\test_deterministic_routing.py:113: in test_get_smart_context_compatibility
    result = get_smart_context("Play music", [], mode="DIRECT")
             ^^^^^^^^^^^^^^^^^^^^^^^^^^^^^^^^^^^^^^^^^^^^^^^^^^
sakura_assistant\core\context\manager.py:236: in get_smart_context
    ctx = context_manager.get_context_for_llm(user_input, mode, history)
          ^^^^^^^^^^^^^^^^^^^^^^^^^^^^^^^^^^^^^^^^^^^^^^^^^^^^^^^^^^^^^^
sakura_assistant\core\context\manager.py:184: in get_context_for_llm
    mode = state.classification
           ^^^^^^^^^^^^^^^^^^^^
E   AttributeError: 'str' object has no attribute 'classification'
=========================== short test summary info ===========================
FAILED tests/test_deterministic_routing.py::TestGetSmartContextShim::test_get_smart_context_compatibility
======================== 1 failed, 9 passed in 13.10s =========================
..\PA\Scripts\pytest.exe : --- Logging error ---
At line:1 char:22
+ ... ONPATH="."; ..\PA\Scripts\pytest.exe -q --tb=short tests/test_determi ...
+                 ~~~~~~~~~~~~~~~~~~~~~~~~~~~~~~~~~~~~~~~~~~~~~~~~~~~~~~~~~
    + CategoryInfo          : NotSpecified: (--- Logging error ---:String) [], RemoteException
    + FullyQualifiedErrorId : NativeCommandError
 
Traceback (most recent call last):
  File "C:\Users\dhanu\AppData\Local\Programs\Python\Python311\Lib\logging\__init__.py", line 1113, in emit
    stream.write(msg + self.terminator)
ValueError: I/O operation on closed file.
Call stack:
  File "D:\Personal Projects\Sakura V10\backend\sakura_assistant\utils\stability_logger.py", line 116, in 
_write_health_report_on_exit
    stability_logger.info("=" * 50)
Message: '=================================================='
Arguments: ()
--- Logging error ---
Traceback (most recent call last):
  File "C:\Users\dhanu\AppData\Local\Programs\Python\Python311\Lib\logging\__init__.py", line 1113, in emit
    stream.write(msg + self.terminator)
ValueError: I/O operation on closed file.
Call stack:
  File "D:\Personal Projects\Sakura V10\backend\sakura_assistant\utils\stability_logger.py", line 117, in 
_write_health_report_on_exit
    stability_logger.info("HEALTH REPORT ON EXIT")
Message: 'HEALTH REPORT ON EXIT'
Arguments: ()
--- Logging error ---
Traceback (most recent call last):
  File "C:\Users\dhanu\AppData\Local\Programs\Python\Python311\Lib\logging\__init__.py", line 1113, in emit
    stream.write(msg + self.terminator)
ValueError: I/O operation on closed file.
Call stack:
  File "D:\Personal Projects\Sakura V10\backend\sakura_assistant\utils\stability_logger.py", line 118, in 
_write_health_report_on_exit
    stability_logger.info(f"  Errors: {report['errors']}")
Message: '  Errors: 0'
Arguments: ()
--- Logging error ---
Traceback (most recent call last):
  File "C:\Users\dhanu\AppData\Local\Programs\Python\Python311\Lib\logging\__init__.py", line 1113, in emit
    stream.write(msg + self.terminator)
ValueError: I/O operation on closed file.
Call stack:
  File "D:\Personal Projects\Sakura V10\backend\sakura_assistant\utils\stability_logger.py", line 119, in 
_write_health_report_on_exit
    stability_logger.info(f"  Warnings: {report['warnings']}")
Message: '  Warnings: 0'
Arguments: ()
--- Logging error ---
Traceback (most recent call last):
  File "C:\Users\dhanu\AppData\Local\Programs\Python\Python311\Lib\logging\__init__.py", line 1113, in emit
    stream.write(msg + self.terminator)
ValueError: I/O operation on closed file.
Call stack:
  File "D:\Personal Projects\Sakura V10\backend\sakura_assistant\utils\stability_logger.py", line 120, in 
_write_health_report_on_exit
    stability_logger.info(f"  Success Calls: {report['success_calls']}")
Message: '  Success Calls: 0'
Arguments: ()
--- Logging error ---
Traceback (most recent call last):
  File "C:\Users\dhanu\AppData\Local\Programs\Python\Python311\Lib\logging\__init__.py", line 1113, in emit
    stream.write(msg + self.terminator)
ValueError: I/O operation on closed file.
Call stack:
  File "D:\Personal Projects\Sakura V10\backend\sakura_assistant\utils\stability_logger.py", line 121, in 
_write_health_report_on_exit
    stability_logger.info(f"  Flow Events: {report['flow_events']}")
Message: '  Flow Events: 0'
Arguments: ()
--- Logging error ---
Traceback (most recent call last):
  File "C:\Users\dhanu\AppData\Local\Programs\Python\Python311\Lib\logging\__init__.py", line 1113, in emit
    stream.write(msg + self.terminator)
ValueError: I/O operation on closed file.
Call stack:
  File "D:\Personal Projects\Sakura V10\backend\sakura_assistant\utils\stability_logger.py", line 122, in 
_write_health_report_on_exit
    stability_logger.info(f"  Memory Events: {report['mem_events']}")
Message: '  Memory Events: 0'
Arguments: ()
--- Logging error ---
Traceback (most recent call last):
  File "C:\Users\dhanu\AppData\Local\Programs\Python\Python311\Lib\logging\__init__.py", line 1113, in emit
    stream.write(msg + self.terminator)
ValueError: I/O operation on closed file.
Call stack:
  File "D:\Personal Projects\Sakura V10\backend\sakura_assistant\utils\stability_logger.py", line 123, in 
_write_health_report_on_exit
    stability_logger.info(f"  Context Events: {report['ctx_events']}")
Message: '  Context Events: 0'
Arguments: ()
--- Logging error ---
Traceback (most recent call last):
  File "C:\Users\dhanu\AppData\Local\Programs\Python\Python311\Lib\logging\__init__.py", line 1113, in emit
    stream.write(msg + self.terminator)
ValueError: I/O operation on closed file.
Call stack:
  File "D:\Personal Projects\Sakura V10\backend\sakura_assistant\utils\stability_logger.py", line 124, in 
_write_health_report_on_exit
    stability_logger.info("=" * 50)
Message: '=================================================='
Arguments: ()
